test_empty_strings: PASS
test_zero_values: PASS
test_deep_nesting: PASS
test_deep_nesting_loop: PASS
test_large_strings: PASS
test_many_array_elements: PASS
test_repeated_encode_same_object: PASS
test_escape_edge_cases: PASS
test_decode_missing_keys: PASS
test_empty_object_decode: PASS
test_empty_array_roundtrip: PASS
test_negative_values: PASS
test_team_loop: PASS

All edge case tests passed!
